combineWords


[stack,trickle] => stacktrickle
[fold,overflow] => foldoverflow
[fold,trickle] => foldtrickle
