Scrubbing for Tue May 13 16:30:00:
Example: {'date':"[Date1]"}

Scrubbing for Wed Nov 17 22:28:33 EET 2021:
Example: {'date':"[Date1]"}

Scrubbing for Wed, 21 Oct 2015 07:28:00 GMT:
Example: {'date':"[Date1]"}

Scrubbing for Tue May 13 2014 23:30:00.789:
Example: {'date':"[Date1]"}

Scrubbing for Tue May 13 16:30:00 -0800 2014:
Example: {'date':"[Date1]"}

Scrubbing for 13 May 2014 23:50:49,999:
Example: {'date':"[Date1]"}

Scrubbing for Oct 13 15:29:
Example: {'date':"[Date1]"}

Scrubbing for May 13, 2014 11:30:00 PM PST:
Example: {'date':"[Date1]"}

Scrubbing for 23:30:00:
Example: {'date':"[Date1]"}

Scrubbing for 2014/05/13 16:30:59.786:
Example: {'date':"[Date1]"}

Scrubbing for 2014/05/13 16:30:59:
Example: {'date':"[Date1]"}

Scrubbing for 2020-9-10T08:07Z:
Example: {'date':"[Date1]"}

Scrubbing for 2020-09-9T08:07Z:
Example: {'date':"[Date1]"}

Scrubbing for 2020-09-10T8:07Z:
Example: {'date':"[Date1]"}

Scrubbing for 2020-09-10T08:07Z:
Example: {'date':"[Date1]"}

Scrubbing for 2020-09-10T08:07:89Z:
Example: {'date':"[Date1]"}

Scrubbing for 2020-09-10T01:23:45.678Z:
Example: {'date':"[Date1]"}

Scrubbing for 20210505T091112Z:
Example: {'date':"[Date1]"}

Scrubbing for 2024-12-17:
Example: {'date':"[Date1]"}

Scrubbing for 2024-12-18T14:04:46.746130Z:
Example: {'date':"[Date1]"}

Scrubbing for 2024-12-18T14:04:46Z:
Example: {'date':"[Date1]"}

Scrubbing for 2024-12-18T14:04:46.746130834Z:
Example: {'date':"[Date1]"}

Scrubbing for 13/05/2014 23:50:49:
Example: {'date':"[Date1]"}

Scrubbing for 13.05.2014 23:50:49:
Example: {'date':"[Date1]"}

Scrubbing for 13-05-2014 23:50:49:
Example: {'date':"[Date1]"}

Scrubbing for 13.05.2014 23:50:
Example: {'date':"[Date1]"}

Scrubbing for 05/13/2014 11:50:49 PM:
Example: {'date':"[Date1]"}

