You are using a custom date scrubber. 
If you think the format you want to scrub would be useful for others,please add it to 
https://github.com/approvals/go-approval-tests/issues/64.

To suppress this message, use
AddDateScrubber("2023-Dec-25", "\d{4}-[A-Za-z]{3}-\d{2}", false)
