guids


guid_1
guid_2
guid_3
guid_1
guid_1 and text