uppercase


Christopher => CHRISTOPHER
Walken => LLEWELLYN
