<Test>
  <Title>Hi World!</Title>
  <Name>Peter Pan</Name>
  <Age>100</Age>
</Test>
